Archive member included to satisfy reference by file (symbol)

libelibc.a(crt0.o)            (crt0)
./libelibc.a(stdio.o)         dhry_1.o (printf)
./libelibc.a(time.o)          dhry_1.o (clock)
./libelibc.a(uart.o)          ./libelibc.a(stdio.o) (inbyte)
/opt/riscv/lib/gcc/riscv32-unknown-elf/8.2.0/libgcc.a(_divdi3.o)
                              ./libelibc.a(time.o) (__divdi3)
/opt/riscv/lib/gcc/riscv32-unknown-elf/8.2.0/libgcc.a(adddf3.o)
                              ./libelibc.a(stdio.o) (__adddf3)
/opt/riscv/lib/gcc/riscv32-unknown-elf/8.2.0/libgcc.a(ledf2.o)
                              ./libelibc.a(stdio.o) (__ltdf2)
/opt/riscv/lib/gcc/riscv32-unknown-elf/8.2.0/libgcc.a(muldf3.o)
                              ./libelibc.a(stdio.o) (__muldf3)
/opt/riscv/lib/gcc/riscv32-unknown-elf/8.2.0/libgcc.a(subdf3.o)
                              ./libelibc.a(stdio.o) (__subdf3)
/opt/riscv/lib/gcc/riscv32-unknown-elf/8.2.0/libgcc.a(fixdfsi.o)
                              ./libelibc.a(stdio.o) (__fixdfsi)
/opt/riscv/lib/gcc/riscv32-unknown-elf/8.2.0/libgcc.a(floatsidf.o)
                              ./libelibc.a(stdio.o) (__floatsidf)
/opt/riscv/lib/gcc/riscv32-unknown-elf/8.2.0/libgcc.a(divsf3.o)
                              dhry_1.o (__divsf3)
/opt/riscv/lib/gcc/riscv32-unknown-elf/8.2.0/libgcc.a(floatsisf.o)
                              dhry_1.o (__floatsisf)
/opt/riscv/lib/gcc/riscv32-unknown-elf/8.2.0/libgcc.a(extendsfdf2.o)
                              dhry_1.o (__extendsfdf2)
/opt/riscv/lib/gcc/riscv32-unknown-elf/8.2.0/libgcc.a(_clz.o)
                              /opt/riscv/lib/gcc/riscv32-unknown-elf/8.2.0/libgcc.a(_divdi3.o) (__clz_tab)
/opt/riscv/lib/gcc/riscv32-unknown-elf/8.2.0/libgcc.a(_clzsi2.o)
                              /opt/riscv/lib/gcc/riscv32-unknown-elf/8.2.0/libgcc.a(adddf3.o) (__clzsi2)

Allocating common symbols
Common symbol       size              file

Microseconds        0x4               dhry_1.o
Dhrystones_Per_Second
                    0x4               dhry_1.o
User_Time           0x4               dhry_1.o
Begin_Time          0x4               dhry_1.o
Arr_2_Glob          0x2710            dhry_1.o
End_Time            0x4               dhry_1.o
Next_Ptr_Glob       0x4               dhry_1.o
Int_Glob            0x4               dhry_1.o
Ch_1_Glob           0x1               dhry_1.o
Ch_2_Glob           0x1               dhry_1.o
Ptr_Glob            0x4               dhry_1.o
Vax_Mips            0x4               dhry_1.o
Arr_1_Glob          0xc8              dhry_1.o
Bool_Glob           0x4               dhry_1.o
sp_store            0x4               libelibc.a(crt0.o)

Memory Configuration

Name             Origin             Length             Attributes
code_ram         0x0000000000001000 0x0000000000005000 xr !rw
data_ram         0x0000000000006000 0x0000000000004000 rw !x
*default*        0x0000000000000000 0xffffffffffffffff

Linker script and memory map

                0x000000000000a000                __heap_start = 0xa000
                0x0000000000005000                __heap_size = 0x5000
                0x000000000000fff0                __stack_top = 0xfff0

.text           0x0000000000001000     0x2934
 libelibc.a(.text)
 .text          0x0000000000001000       0x30 libelibc.a(crt0.o)
                0x0000000000001000                crt0
 *(.text)
 .text          0x0000000000001030        0x0 dhry_1.o
 .text          0x0000000000001030      0x758 ./libelibc.a(stdio.o)
                0x0000000000001030                getchar
                0x0000000000001048                putchar
                0x0000000000001074                fputs
                0x00000000000010f4                fgets
                0x00000000000011b8                putd
                0x0000000000001280                putx
                0x000000000000135c                putf
                0x0000000000001500                printf
 .text          0x0000000000001788       0x28 ./libelibc.a(time.o)
                0x0000000000001788                clock
 .text          0x00000000000017b0       0x58 ./libelibc.a(uart.o)
                0x00000000000017b0                inbyte
                0x00000000000017cc                outbyte
 .text          0x0000000000001808      0x480 /opt/riscv/lib/gcc/riscv32-unknown-elf/8.2.0/libgcc.a(_divdi3.o)
                0x0000000000001808                __divdi3
 .text          0x0000000000001c88      0x7c0 /opt/riscv/lib/gcc/riscv32-unknown-elf/8.2.0/libgcc.a(adddf3.o)
                0x0000000000001c88                __adddf3
 .text          0x0000000000002448       0xe8 /opt/riscv/lib/gcc/riscv32-unknown-elf/8.2.0/libgcc.a(ledf2.o)
                0x0000000000002448                __ltdf2
                0x0000000000002448                __ledf2
 .text          0x0000000000002530      0x5c0 /opt/riscv/lib/gcc/riscv32-unknown-elf/8.2.0/libgcc.a(muldf3.o)
                0x0000000000002530                __muldf3
 .text          0x0000000000002af0      0x7c4 /opt/riscv/lib/gcc/riscv32-unknown-elf/8.2.0/libgcc.a(subdf3.o)
                0x0000000000002af0                __subdf3
 .text          0x00000000000032b4       0x80 /opt/riscv/lib/gcc/riscv32-unknown-elf/8.2.0/libgcc.a(fixdfsi.o)
                0x00000000000032b4                __fixdfsi
 .text          0x0000000000003334       0xac /opt/riscv/lib/gcc/riscv32-unknown-elf/8.2.0/libgcc.a(floatsidf.o)
                0x0000000000003334                __floatsidf
 .text          0x00000000000033e0      0x324 /opt/riscv/lib/gcc/riscv32-unknown-elf/8.2.0/libgcc.a(divsf3.o)
                0x00000000000033e0                __divsf3
 .text          0x0000000000003704      0x108 /opt/riscv/lib/gcc/riscv32-unknown-elf/8.2.0/libgcc.a(floatsisf.o)
                0x0000000000003704                __floatsisf
 .text          0x000000000000380c       0xdc /opt/riscv/lib/gcc/riscv32-unknown-elf/8.2.0/libgcc.a(extendsfdf2.o)
                0x000000000000380c                __extendsfdf2
 .text          0x00000000000038e8        0x0 /opt/riscv/lib/gcc/riscv32-unknown-elf/8.2.0/libgcc.a(_clz.o)
 .text          0x00000000000038e8       0x4c /opt/riscv/lib/gcc/riscv32-unknown-elf/8.2.0/libgcc.a(_clzsi2.o)
                0x00000000000038e8                __clzsi2

.text.startup   0x0000000000003934      0x120
 .text.startup  0x0000000000003934      0x120 dhry_1.o
                0x0000000000003934                main

.srodata.cst4   0x0000000000003a54        0x4
 .srodata.cst4  0x0000000000003a54        0x4 dhry_1.o

.srodata.cst8   0x0000000000003a58        0x8
 .srodata.cst8  0x0000000000003a58        0x8 ./libelibc.a(stdio.o)

.eh_frame       0x0000000000003a60       0x28
 .eh_frame      0x0000000000003a60       0x28 /opt/riscv/lib/gcc/riscv32-unknown-elf/8.2.0/libgcc.a(_divdi3.o)

.rela.dyn       0x0000000000003a88        0x0
 .rela.text     0x0000000000003a88        0x0 libelibc.a(crt0.o)
 .rela.sdata    0x0000000000003a88        0x0 libelibc.a(crt0.o)
 .rela.text.startup
                0x0000000000003a88        0x0 libelibc.a(crt0.o)

.data           0x0000000000006000      0x364
 *(.data)
 .data          0x0000000000006000        0x0 libelibc.a(crt0.o)
 .data          0x0000000000006000        0x0 dhry_1.o
 .data          0x0000000000006000        0x0 ./libelibc.a(stdio.o)
 .data          0x0000000000006000        0x0 ./libelibc.a(time.o)
 .data          0x0000000000006000        0x0 ./libelibc.a(uart.o)
 .data          0x0000000000006000        0x0 /opt/riscv/lib/gcc/riscv32-unknown-elf/8.2.0/libgcc.a(_divdi3.o)
 .data          0x0000000000006000        0x0 /opt/riscv/lib/gcc/riscv32-unknown-elf/8.2.0/libgcc.a(adddf3.o)
 .data          0x0000000000006000        0x0 /opt/riscv/lib/gcc/riscv32-unknown-elf/8.2.0/libgcc.a(ledf2.o)
 .data          0x0000000000006000        0x0 /opt/riscv/lib/gcc/riscv32-unknown-elf/8.2.0/libgcc.a(muldf3.o)
 .data          0x0000000000006000        0x0 /opt/riscv/lib/gcc/riscv32-unknown-elf/8.2.0/libgcc.a(subdf3.o)
 .data          0x0000000000006000        0x0 /opt/riscv/lib/gcc/riscv32-unknown-elf/8.2.0/libgcc.a(fixdfsi.o)
 .data          0x0000000000006000        0x0 /opt/riscv/lib/gcc/riscv32-unknown-elf/8.2.0/libgcc.a(floatsidf.o)
 .data          0x0000000000006000        0x0 /opt/riscv/lib/gcc/riscv32-unknown-elf/8.2.0/libgcc.a(divsf3.o)
 .data          0x0000000000006000        0x0 /opt/riscv/lib/gcc/riscv32-unknown-elf/8.2.0/libgcc.a(floatsisf.o)
 .data          0x0000000000006000        0x0 /opt/riscv/lib/gcc/riscv32-unknown-elf/8.2.0/libgcc.a(extendsfdf2.o)
 .data          0x0000000000006000        0x0 /opt/riscv/lib/gcc/riscv32-unknown-elf/8.2.0/libgcc.a(_clz.o)
 .data          0x0000000000006000        0x0 /opt/riscv/lib/gcc/riscv32-unknown-elf/8.2.0/libgcc.a(_clzsi2.o)
 *(.bss)
 .bss           0x0000000000006000        0x0 libelibc.a(crt0.o)
 .bss           0x0000000000006000        0x0 dhry_1.o
 .bss           0x0000000000006000        0x0 ./libelibc.a(stdio.o)
 .bss           0x0000000000006000        0x0 ./libelibc.a(time.o)
 .bss           0x0000000000006000        0x0 ./libelibc.a(uart.o)
 .bss           0x0000000000006000        0x0 /opt/riscv/lib/gcc/riscv32-unknown-elf/8.2.0/libgcc.a(_divdi3.o)
 .bss           0x0000000000006000        0x0 /opt/riscv/lib/gcc/riscv32-unknown-elf/8.2.0/libgcc.a(adddf3.o)
 .bss           0x0000000000006000        0x0 /opt/riscv/lib/gcc/riscv32-unknown-elf/8.2.0/libgcc.a(ledf2.o)
 .bss           0x0000000000006000        0x0 /opt/riscv/lib/gcc/riscv32-unknown-elf/8.2.0/libgcc.a(muldf3.o)
 .bss           0x0000000000006000        0x0 /opt/riscv/lib/gcc/riscv32-unknown-elf/8.2.0/libgcc.a(subdf3.o)
 .bss           0x0000000000006000        0x0 /opt/riscv/lib/gcc/riscv32-unknown-elf/8.2.0/libgcc.a(fixdfsi.o)
 .bss           0x0000000000006000        0x0 /opt/riscv/lib/gcc/riscv32-unknown-elf/8.2.0/libgcc.a(floatsidf.o)
 .bss           0x0000000000006000        0x0 /opt/riscv/lib/gcc/riscv32-unknown-elf/8.2.0/libgcc.a(divsf3.o)
 .bss           0x0000000000006000        0x0 /opt/riscv/lib/gcc/riscv32-unknown-elf/8.2.0/libgcc.a(floatsisf.o)
 .bss           0x0000000000006000        0x0 /opt/riscv/lib/gcc/riscv32-unknown-elf/8.2.0/libgcc.a(extendsfdf2.o)
 .bss           0x0000000000006000        0x0 /opt/riscv/lib/gcc/riscv32-unknown-elf/8.2.0/libgcc.a(_clz.o)
 .bss           0x0000000000006000        0x0 /opt/riscv/lib/gcc/riscv32-unknown-elf/8.2.0/libgcc.a(_clzsi2.o)
 *(.rodata*)
 .rodata.str1.4
                0x0000000000006000       0xe5 dhry_1.o
                                         0xe9 (size before relaxing)
 *fill*         0x00000000000060e5        0x3 
 .rodata        0x00000000000060e8       0x84 ./libelibc.a(stdio.o)
 .rodata.str1.4
                0x000000000000616c       0x80 ./libelibc.a(stdio.o)
                                         0x7d (size before relaxing)
 .rodata        0x00000000000061ec       0x3c /opt/riscv/lib/gcc/riscv32-unknown-elf/8.2.0/libgcc.a(muldf3.o)
 .rodata        0x0000000000006228       0x3c /opt/riscv/lib/gcc/riscv32-unknown-elf/8.2.0/libgcc.a(divsf3.o)
 .rodata        0x0000000000006264      0x100 /opt/riscv/lib/gcc/riscv32-unknown-elf/8.2.0/libgcc.a(_clz.o)
                0x0000000000006264                __clz_tab
LOAD dhry_1.o
LOAD ./libelibc.a
LOAD /opt/riscv/lib/gcc/riscv32-unknown-elf/8.2.0/libgcc.a
OUTPUT(dhry.out elf32-littleriscv)

.sdata          0x0000000000006364       0x20
 .sdata         0x0000000000006364        0x4 libelibc.a(crt0.o)
                0x0000000000006364                stack_top
 .sdata         0x0000000000006368       0x1c ./libelibc.a(stdio.o)
                0x0000000000006368                stderr
                0x000000000000636c                stdout
                0x0000000000006370                stdin

.comment        0x0000000000000000       0x11
 .comment       0x0000000000000000       0x11 libelibc.a(crt0.o)
                                         0x12 (size before relaxing)
 .comment       0x0000000000000011       0x12 dhry_1.o
 .comment       0x0000000000000011       0x12 ./libelibc.a(stdio.o)
 .comment       0x0000000000000011       0x12 ./libelibc.a(time.o)
 .comment       0x0000000000000011       0x12 ./libelibc.a(uart.o)
 .comment       0x0000000000000011       0x12 /opt/riscv/lib/gcc/riscv32-unknown-elf/8.2.0/libgcc.a(_divdi3.o)
 .comment       0x0000000000000011       0x12 /opt/riscv/lib/gcc/riscv32-unknown-elf/8.2.0/libgcc.a(adddf3.o)
 .comment       0x0000000000000011       0x12 /opt/riscv/lib/gcc/riscv32-unknown-elf/8.2.0/libgcc.a(ledf2.o)
 .comment       0x0000000000000011       0x12 /opt/riscv/lib/gcc/riscv32-unknown-elf/8.2.0/libgcc.a(muldf3.o)
 .comment       0x0000000000000011       0x12 /opt/riscv/lib/gcc/riscv32-unknown-elf/8.2.0/libgcc.a(subdf3.o)
 .comment       0x0000000000000011       0x12 /opt/riscv/lib/gcc/riscv32-unknown-elf/8.2.0/libgcc.a(fixdfsi.o)
 .comment       0x0000000000000011       0x12 /opt/riscv/lib/gcc/riscv32-unknown-elf/8.2.0/libgcc.a(floatsidf.o)
 .comment       0x0000000000000011       0x12 /opt/riscv/lib/gcc/riscv32-unknown-elf/8.2.0/libgcc.a(divsf3.o)
 .comment       0x0000000000000011       0x12 /opt/riscv/lib/gcc/riscv32-unknown-elf/8.2.0/libgcc.a(floatsisf.o)
 .comment       0x0000000000000011       0x12 /opt/riscv/lib/gcc/riscv32-unknown-elf/8.2.0/libgcc.a(extendsfdf2.o)
 .comment       0x0000000000000011       0x12 /opt/riscv/lib/gcc/riscv32-unknown-elf/8.2.0/libgcc.a(_clz.o)
 .comment       0x0000000000000011       0x12 /opt/riscv/lib/gcc/riscv32-unknown-elf/8.2.0/libgcc.a(_clzsi2.o)

.bss            0x0000000000006384     0x2808
 COMMON         0x0000000000006384        0x4 libelibc.a(crt0.o)
                0x0000000000006384                sp_store
 COMMON         0x0000000000006388     0x2804 dhry_1.o
                0x0000000000006388                Microseconds
                0x000000000000638c                Dhrystones_Per_Second
                0x0000000000006390                User_Time
                0x0000000000006394                Begin_Time
                0x0000000000006398                Arr_2_Glob
                0x0000000000008aa8                End_Time
                0x0000000000008aac                Next_Ptr_Glob
                0x0000000000008ab0                Int_Glob
                0x0000000000008ab4                Ch_1_Glob
                0x0000000000008ab5                Ch_2_Glob
                0x0000000000008ab8                Ptr_Glob
                0x0000000000008abc                Vax_Mips
                0x0000000000008ac0                Arr_1_Glob
                0x0000000000008b88                Bool_Glob

.sbss           0x0000000000008b8c        0xc
 .sbss          0x0000000000008b8c        0x4 dhry_1.o
                0x0000000000008b8c                Reg
 .sbss          0x0000000000008b90        0x8 ./libelibc.a(stdio.o)

.debug_info     0x0000000000000000     0x4c09
 .debug_info    0x0000000000000000     0x1250 /opt/riscv/lib/gcc/riscv32-unknown-elf/8.2.0/libgcc.a(_divdi3.o)
 .debug_info    0x0000000000001250      0x5a5 /opt/riscv/lib/gcc/riscv32-unknown-elf/8.2.0/libgcc.a(adddf3.o)
 .debug_info    0x00000000000017f5      0x284 /opt/riscv/lib/gcc/riscv32-unknown-elf/8.2.0/libgcc.a(ledf2.o)
 .debug_info    0x0000000000001a79      0x768 /opt/riscv/lib/gcc/riscv32-unknown-elf/8.2.0/libgcc.a(muldf3.o)
 .debug_info    0x00000000000021e1      0x5a5 /opt/riscv/lib/gcc/riscv32-unknown-elf/8.2.0/libgcc.a(subdf3.o)
 .debug_info    0x0000000000002786      0x217 /opt/riscv/lib/gcc/riscv32-unknown-elf/8.2.0/libgcc.a(fixdfsi.o)
 .debug_info    0x000000000000299d      0x2bc /opt/riscv/lib/gcc/riscv32-unknown-elf/8.2.0/libgcc.a(floatsidf.o)
 .debug_info    0x0000000000002c59      0x3bf /opt/riscv/lib/gcc/riscv32-unknown-elf/8.2.0/libgcc.a(divsf3.o)
 .debug_info    0x0000000000003018      0x25d /opt/riscv/lib/gcc/riscv32-unknown-elf/8.2.0/libgcc.a(floatsisf.o)
 .debug_info    0x0000000000003275      0x2a9 /opt/riscv/lib/gcc/riscv32-unknown-elf/8.2.0/libgcc.a(extendsfdf2.o)
 .debug_info    0x000000000000351e      0xb3f /opt/riscv/lib/gcc/riscv32-unknown-elf/8.2.0/libgcc.a(_clz.o)
 .debug_info    0x000000000000405d      0xbac /opt/riscv/lib/gcc/riscv32-unknown-elf/8.2.0/libgcc.a(_clzsi2.o)

.debug_abbrev   0x0000000000000000     0x14df
 .debug_abbrev  0x0000000000000000      0x2e4 /opt/riscv/lib/gcc/riscv32-unknown-elf/8.2.0/libgcc.a(_divdi3.o)
 .debug_abbrev  0x00000000000002e4      0x196 /opt/riscv/lib/gcc/riscv32-unknown-elf/8.2.0/libgcc.a(adddf3.o)
 .debug_abbrev  0x000000000000047a      0x188 /opt/riscv/lib/gcc/riscv32-unknown-elf/8.2.0/libgcc.a(ledf2.o)
 .debug_abbrev  0x0000000000000602      0x18e /opt/riscv/lib/gcc/riscv32-unknown-elf/8.2.0/libgcc.a(muldf3.o)
 .debug_abbrev  0x0000000000000790      0x196 /opt/riscv/lib/gcc/riscv32-unknown-elf/8.2.0/libgcc.a(subdf3.o)
 .debug_abbrev  0x0000000000000926      0x18a /opt/riscv/lib/gcc/riscv32-unknown-elf/8.2.0/libgcc.a(fixdfsi.o)
 .debug_abbrev  0x0000000000000ab0      0x178 /opt/riscv/lib/gcc/riscv32-unknown-elf/8.2.0/libgcc.a(floatsidf.o)
 .debug_abbrev  0x0000000000000c28      0x17a /opt/riscv/lib/gcc/riscv32-unknown-elf/8.2.0/libgcc.a(divsf3.o)
 .debug_abbrev  0x0000000000000da2      0x198 /opt/riscv/lib/gcc/riscv32-unknown-elf/8.2.0/libgcc.a(floatsisf.o)
 .debug_abbrev  0x0000000000000f3a      0x17b /opt/riscv/lib/gcc/riscv32-unknown-elf/8.2.0/libgcc.a(extendsfdf2.o)
 .debug_abbrev  0x00000000000010b5      0x1e8 /opt/riscv/lib/gcc/riscv32-unknown-elf/8.2.0/libgcc.a(_clz.o)
 .debug_abbrev  0x000000000000129d      0x242 /opt/riscv/lib/gcc/riscv32-unknown-elf/8.2.0/libgcc.a(_clzsi2.o)

.debug_loc      0x0000000000000000     0x4a0c
 .debug_loc     0x0000000000000000      0x971 /opt/riscv/lib/gcc/riscv32-unknown-elf/8.2.0/libgcc.a(_divdi3.o)
 .debug_loc     0x0000000000000971     0x1207 /opt/riscv/lib/gcc/riscv32-unknown-elf/8.2.0/libgcc.a(adddf3.o)
 .debug_loc     0x0000000000001b78       0xec /opt/riscv/lib/gcc/riscv32-unknown-elf/8.2.0/libgcc.a(ledf2.o)
 .debug_loc     0x0000000000001c64      0xdc4 /opt/riscv/lib/gcc/riscv32-unknown-elf/8.2.0/libgcc.a(muldf3.o)
 .debug_loc     0x0000000000002a28     0x1221 /opt/riscv/lib/gcc/riscv32-unknown-elf/8.2.0/libgcc.a(subdf3.o)
 .debug_loc     0x0000000000003c49      0x16d /opt/riscv/lib/gcc/riscv32-unknown-elf/8.2.0/libgcc.a(fixdfsi.o)
 .debug_loc     0x0000000000003db6      0x14e /opt/riscv/lib/gcc/riscv32-unknown-elf/8.2.0/libgcc.a(floatsidf.o)
 .debug_loc     0x0000000000003f04      0x758 /opt/riscv/lib/gcc/riscv32-unknown-elf/8.2.0/libgcc.a(divsf3.o)
 .debug_loc     0x000000000000465c      0x1a1 /opt/riscv/lib/gcc/riscv32-unknown-elf/8.2.0/libgcc.a(floatsisf.o)
 .debug_loc     0x00000000000047fd      0x1a4 /opt/riscv/lib/gcc/riscv32-unknown-elf/8.2.0/libgcc.a(extendsfdf2.o)
 .debug_loc     0x00000000000049a1       0x6b /opt/riscv/lib/gcc/riscv32-unknown-elf/8.2.0/libgcc.a(_clzsi2.o)

.debug_aranges  0x0000000000000000      0x178
 .debug_aranges
                0x0000000000000000       0x20 /opt/riscv/lib/gcc/riscv32-unknown-elf/8.2.0/libgcc.a(_divdi3.o)
 .debug_aranges
                0x0000000000000020       0x20 /opt/riscv/lib/gcc/riscv32-unknown-elf/8.2.0/libgcc.a(adddf3.o)
 .debug_aranges
                0x0000000000000040       0x20 /opt/riscv/lib/gcc/riscv32-unknown-elf/8.2.0/libgcc.a(ledf2.o)
 .debug_aranges
                0x0000000000000060       0x20 /opt/riscv/lib/gcc/riscv32-unknown-elf/8.2.0/libgcc.a(muldf3.o)
 .debug_aranges
                0x0000000000000080       0x20 /opt/riscv/lib/gcc/riscv32-unknown-elf/8.2.0/libgcc.a(subdf3.o)
 .debug_aranges
                0x00000000000000a0       0x20 /opt/riscv/lib/gcc/riscv32-unknown-elf/8.2.0/libgcc.a(fixdfsi.o)
 .debug_aranges
                0x00000000000000c0       0x20 /opt/riscv/lib/gcc/riscv32-unknown-elf/8.2.0/libgcc.a(floatsidf.o)
 .debug_aranges
                0x00000000000000e0       0x20 /opt/riscv/lib/gcc/riscv32-unknown-elf/8.2.0/libgcc.a(divsf3.o)
 .debug_aranges
                0x0000000000000100       0x20 /opt/riscv/lib/gcc/riscv32-unknown-elf/8.2.0/libgcc.a(floatsisf.o)
 .debug_aranges
                0x0000000000000120       0x20 /opt/riscv/lib/gcc/riscv32-unknown-elf/8.2.0/libgcc.a(extendsfdf2.o)
 .debug_aranges
                0x0000000000000140       0x18 /opt/riscv/lib/gcc/riscv32-unknown-elf/8.2.0/libgcc.a(_clz.o)
 .debug_aranges
                0x0000000000000158       0x20 /opt/riscv/lib/gcc/riscv32-unknown-elf/8.2.0/libgcc.a(_clzsi2.o)

.debug_ranges   0x0000000000000000      0x920
 .debug_ranges  0x0000000000000000      0x108 /opt/riscv/lib/gcc/riscv32-unknown-elf/8.2.0/libgcc.a(_divdi3.o)
 .debug_ranges  0x0000000000000108      0x210 /opt/riscv/lib/gcc/riscv32-unknown-elf/8.2.0/libgcc.a(adddf3.o)
 .debug_ranges  0x0000000000000318       0x68 /opt/riscv/lib/gcc/riscv32-unknown-elf/8.2.0/libgcc.a(ledf2.o)
 .debug_ranges  0x0000000000000380      0x1e8 /opt/riscv/lib/gcc/riscv32-unknown-elf/8.2.0/libgcc.a(muldf3.o)
 .debug_ranges  0x0000000000000568      0x1e8 /opt/riscv/lib/gcc/riscv32-unknown-elf/8.2.0/libgcc.a(subdf3.o)
 .debug_ranges  0x0000000000000750       0x18 /opt/riscv/lib/gcc/riscv32-unknown-elf/8.2.0/libgcc.a(fixdfsi.o)
 .debug_ranges  0x0000000000000768       0x68 /opt/riscv/lib/gcc/riscv32-unknown-elf/8.2.0/libgcc.a(floatsidf.o)
 .debug_ranges  0x00000000000007d0       0xa8 /opt/riscv/lib/gcc/riscv32-unknown-elf/8.2.0/libgcc.a(divsf3.o)
 .debug_ranges  0x0000000000000878       0x50 /opt/riscv/lib/gcc/riscv32-unknown-elf/8.2.0/libgcc.a(floatsisf.o)
 .debug_ranges  0x00000000000008c8       0x38 /opt/riscv/lib/gcc/riscv32-unknown-elf/8.2.0/libgcc.a(extendsfdf2.o)
 .debug_ranges  0x0000000000000900       0x20 /opt/riscv/lib/gcc/riscv32-unknown-elf/8.2.0/libgcc.a(_clzsi2.o)

.debug_line     0x0000000000000000     0x4cba
 .debug_line    0x0000000000000000      0x96a /opt/riscv/lib/gcc/riscv32-unknown-elf/8.2.0/libgcc.a(_divdi3.o)
 .debug_line    0x000000000000096a      0xef2 /opt/riscv/lib/gcc/riscv32-unknown-elf/8.2.0/libgcc.a(adddf3.o)
 .debug_line    0x000000000000185c      0x2f5 /opt/riscv/lib/gcc/riscv32-unknown-elf/8.2.0/libgcc.a(ledf2.o)
 .debug_line    0x0000000000001b51      0xc0a /opt/riscv/lib/gcc/riscv32-unknown-elf/8.2.0/libgcc.a(muldf3.o)
 .debug_line    0x000000000000275b      0xf2f /opt/riscv/lib/gcc/riscv32-unknown-elf/8.2.0/libgcc.a(subdf3.o)
 .debug_line    0x000000000000368a      0x219 /opt/riscv/lib/gcc/riscv32-unknown-elf/8.2.0/libgcc.a(fixdfsi.o)
 .debug_line    0x00000000000038a3      0x229 /opt/riscv/lib/gcc/riscv32-unknown-elf/8.2.0/libgcc.a(floatsidf.o)
 .debug_line    0x0000000000003acc      0x758 /opt/riscv/lib/gcc/riscv32-unknown-elf/8.2.0/libgcc.a(divsf3.o)
 .debug_line    0x0000000000004224      0x2ed /opt/riscv/lib/gcc/riscv32-unknown-elf/8.2.0/libgcc.a(floatsisf.o)
 .debug_line    0x0000000000004511      0x361 /opt/riscv/lib/gcc/riscv32-unknown-elf/8.2.0/libgcc.a(extendsfdf2.o)
 .debug_line    0x0000000000004872      0x1e3 /opt/riscv/lib/gcc/riscv32-unknown-elf/8.2.0/libgcc.a(_clz.o)
 .debug_line    0x0000000000004a55      0x265 /opt/riscv/lib/gcc/riscv32-unknown-elf/8.2.0/libgcc.a(_clzsi2.o)

.debug_str      0x0000000000000000      0xedc
 .debug_str     0x0000000000000000      0x78d /opt/riscv/lib/gcc/riscv32-unknown-elf/8.2.0/libgcc.a(_divdi3.o)
                                        0x80d (size before relaxing)
 .debug_str     0x000000000000078d      0x223 /opt/riscv/lib/gcc/riscv32-unknown-elf/8.2.0/libgcc.a(adddf3.o)
                                        0x31a (size before relaxing)
 .debug_str     0x00000000000009b0       0x77 /opt/riscv/lib/gcc/riscv32-unknown-elf/8.2.0/libgcc.a(ledf2.o)
                                        0x258 (size before relaxing)
 .debug_str     0x0000000000000a27      0x20e /opt/riscv/lib/gcc/riscv32-unknown-elf/8.2.0/libgcc.a(muldf3.o)
                                        0x434 (size before relaxing)
 .debug_str     0x0000000000000c35       0x36 /opt/riscv/lib/gcc/riscv32-unknown-elf/8.2.0/libgcc.a(subdf3.o)
                                        0x31a (size before relaxing)
 .debug_str     0x0000000000000c6b       0x4b /opt/riscv/lib/gcc/riscv32-unknown-elf/8.2.0/libgcc.a(fixdfsi.o)
                                        0x231 (size before relaxing)
 .debug_str     0x0000000000000cb6       0x69 /opt/riscv/lib/gcc/riscv32-unknown-elf/8.2.0/libgcc.a(floatsidf.o)
                                        0x2c7 (size before relaxing)
 .debug_str     0x0000000000000d1f      0x116 /opt/riscv/lib/gcc/riscv32-unknown-elf/8.2.0/libgcc.a(divsf3.o)
                                        0x347 (size before relaxing)
 .debug_str     0x0000000000000e35       0x51 /opt/riscv/lib/gcc/riscv32-unknown-elf/8.2.0/libgcc.a(floatsisf.o)
                                        0x2a8 (size before relaxing)
 .debug_str     0x0000000000000e86       0x4d /opt/riscv/lib/gcc/riscv32-unknown-elf/8.2.0/libgcc.a(extendsfdf2.o)
                                        0x255 (size before relaxing)
 .debug_str     0x0000000000000ed3      0x755 /opt/riscv/lib/gcc/riscv32-unknown-elf/8.2.0/libgcc.a(_clz.o)
 .debug_str     0x0000000000000ed3        0x9 /opt/riscv/lib/gcc/riscv32-unknown-elf/8.2.0/libgcc.a(_clzsi2.o)
                                        0x772 (size before relaxing)

.debug_frame    0x0000000000000000      0x230
 .debug_frame   0x0000000000000000       0x44 /opt/riscv/lib/gcc/riscv32-unknown-elf/8.2.0/libgcc.a(adddf3.o)
 .debug_frame   0x0000000000000044       0x20 /opt/riscv/lib/gcc/riscv32-unknown-elf/8.2.0/libgcc.a(ledf2.o)
 .debug_frame   0x0000000000000064       0x54 /opt/riscv/lib/gcc/riscv32-unknown-elf/8.2.0/libgcc.a(muldf3.o)
 .debug_frame   0x00000000000000b8       0x44 /opt/riscv/lib/gcc/riscv32-unknown-elf/8.2.0/libgcc.a(subdf3.o)
 .debug_frame   0x00000000000000fc       0x20 /opt/riscv/lib/gcc/riscv32-unknown-elf/8.2.0/libgcc.a(fixdfsi.o)
 .debug_frame   0x000000000000011c       0x38 /opt/riscv/lib/gcc/riscv32-unknown-elf/8.2.0/libgcc.a(floatsidf.o)
 .debug_frame   0x0000000000000154       0x4c /opt/riscv/lib/gcc/riscv32-unknown-elf/8.2.0/libgcc.a(divsf3.o)
 .debug_frame   0x00000000000001a0       0x38 /opt/riscv/lib/gcc/riscv32-unknown-elf/8.2.0/libgcc.a(floatsisf.o)
 .debug_frame   0x00000000000001d8       0x38 /opt/riscv/lib/gcc/riscv32-unknown-elf/8.2.0/libgcc.a(extendsfdf2.o)
 .debug_frame   0x0000000000000210       0x20 /opt/riscv/lib/gcc/riscv32-unknown-elf/8.2.0/libgcc.a(_clzsi2.o)
